Testing Frenet Balance...
URL: https://api.frenet.com.br/v1/wallet
node : Error fetching 
balance: SyntaxError: 
Unexpected token '<', 
"<!DOCTYPE "... is 
not valid JSON
No linha:1 caractere:1
+ node test_frenet_bal
ance.js > 
test_output.txt 2>&1
+ ~~~~~~~~~~~~~~~~~~~~
~~~~~~~~~~~~~~~~~~~~~~
~~~~~~~~
    + CategoryInfo    
          : NotSpeci  
  fied: (Error fetc   
 hing ... not vali    
d JSON:String) []    
, RemoteException
    + FullyQualifiedE 
   rrorId : NativeCo  
  mmandError
 
    at JSON.parse 
(<anonymous>)
    at 
parseJSONFromBytes (no
de:internal/deps/undic
i/undici:5738:19)
    at successSteps (n
ode:internal/deps/undi
ci/undici:5719:27)
    at fullyReadBody (
node:internal/deps/und
ici/undici:4609:9)
    at process.process
TicksAndRejections (no
de:internal/process/ta
sk_queues:105:5)
    at async 
consumeBody (node:inte
rnal/deps/undici/undic
i:5728:7)
    at async 
testBalance (file:///C
:/Users/Direct/Videos/
DIRECT-AI-GB-1/test_fr
enet_balance.js:22:24)
